// Jest Snapshot v1, https://goo.gl/fbAQLP

exports[`The AddReview Component should mount without crashing 1`] = `
ReactWrapper {
  "length": 1,
  Symbol(enzyme.__unrendered__): <AddReview
    createReview={[MockFunction]}
    recipeId={1}
  />,
  Symbol(enzyme.__renderer__): Object {
    "batchedUpdates": [Function],
    "getNode": [Function],
    "render": [Function],
    "simulateEvent": [Function],
    "unmount": [Function],
  },
  Symbol(enzyme.__root__): [Circular],
  Symbol(enzyme.__node__): Object {
    "instance": AddReview {
      "_reactInternalFiber": FiberNode {
        "_debugID": 4,
        "_debugIsCurrentlyTiming": false,
        "_debugOwner": FiberNode {
          "_debugID": 3,
          "_debugIsCurrentlyTiming": false,
          "_debugOwner": null,
          "_debugSource": null,
          "alternate": null,
          "child": [Circular],
          "effectTag": 1,
          "expirationTime": 0,
          "firstEffect": null,
          "index": 0,
          "internalContextTag": 0,
          "key": null,
          "lastEffect": null,
          "memoizedProps": Object {
            "Component": [Function],
            "context": null,
            "props": Object {
              "createReview": [MockFunction],
              "recipeId": 1,
            },
          },
          "memoizedState": Object {
            "context": null,
            "mount": true,
            "props": Object {
              "createReview": [MockFunction],
              "recipeId": 1,
            },
          },
          "nextEffect": null,
          "pendingProps": null,
          "ref": null,
          "return": FiberNode {
            "_debugID": 1,
            "_debugIsCurrentlyTiming": false,
            "_debugOwner": null,
            "_debugSource": null,
            "alternate": FiberNode {
              "_debugID": 1,
              "_debugIsCurrentlyTiming": false,
              "_debugOwner": null,
              "_debugSource": null,
              "alternate": [Circular],
              "child": null,
              "effectTag": 0,
              "expirationTime": 1,
              "firstEffect": null,
              "index": 0,
              "internalContextTag": 0,
              "key": null,
              "lastEffect": null,
              "memoizedProps": null,
              "memoizedState": null,
              "nextEffect": null,
              "pendingProps": null,
              "ref": null,
              "return": null,
              "sibling": null,
              "stateNode": Object {
                "containerInfo": <div>
                  <div
                    class="form-group"
                  >
                    <textarea
                      class="form-control mb-3"
                      cols="120"
                      placeholder="Add review ..."
                    />
                    <button
                      class="review btn btn-default title"
                      disabled=""
                    >
                      ADD REVIEW
                    </button>
                  </div>
                </div>,
                "context": Object {},
                "current": [Circular],
                "finishedWork": null,
                "hydrate": false,
                "isReadyForCommit": false,
                "nextScheduledRoot": null,
                "pendingChildren": null,
                "pendingContext": null,
                "remainingExpirationTime": 0,
              },
              "tag": 3,
              "type": null,
              "updateQueue": Object {
                "baseState": null,
                "callbackList": null,
                "expirationTime": 1,
                "first": Object {
                  "callback": null,
                  "expirationTime": 1,
                  "isForced": false,
                  "isReplace": false,
                  "next": null,
                  "nextCallback": null,
                  "partialState": Object {
                    "element": <WrapperComponent
                      Component={[Function]}
                      context={null}
                      props={
                        Object {
                          "createReview": [MockFunction],
                          "recipeId": 1,
                        }
                      }
                    />,
                  },
                },
                "hasForceUpdate": false,
                "isInitialized": false,
                "isProcessing": false,
                "last": Object {
                  "callback": null,
                  "expirationTime": 1,
                  "isForced": false,
                  "isReplace": false,
                  "next": null,
                  "nextCallback": null,
                  "partialState": Object {
                    "element": <WrapperComponent
                      Component={[Function]}
                      context={null}
                      props={
                        Object {
                          "createReview": [MockFunction],
                          "recipeId": 1,
                        }
                      }
                    />,
                  },
                },
              },
            },
            "child": [Circular],
            "effectTag": 0,
            "expirationTime": 0,
            "firstEffect": [Circular],
            "index": 0,
            "internalContextTag": 0,
            "key": null,
            "lastEffect": [Circular],
            "memoizedProps": null,
            "memoizedState": Object {
              "element": <WrapperComponent
                Component={[Function]}
                context={null}
                props={
                  Object {
                    "createReview": [MockFunction],
                    "recipeId": 1,
                  }
                }
              />,
            },
            "nextEffect": null,
            "pendingProps": null,
            "ref": null,
            "return": null,
            "sibling": null,
            "stateNode": Object {
              "containerInfo": <div>
                <div
                  class="form-group"
                >
                  <textarea
                    class="form-control mb-3"
                    cols="120"
                    placeholder="Add review ..."
                  />
                  <button
                    class="review btn btn-default title"
                    disabled=""
                  >
                    ADD REVIEW
                  </button>
                </div>
              </div>,
              "context": Object {},
              "current": [Circular],
              "finishedWork": null,
              "hydrate": false,
              "isReadyForCommit": false,
              "nextScheduledRoot": null,
              "pendingChildren": null,
              "pendingContext": null,
              "remainingExpirationTime": 0,
            },
            "tag": 3,
            "type": null,
            "updateQueue": null,
          },
          "sibling": null,
          "stateNode": WrapperComponent {
            "_reactInternalFiber": [Circular],
            "_reactInternalInstance": Object {},
            "context": Object {},
            "props": Object {
              "Component": [Function],
              "context": null,
              "props": Object {
                "createReview": [MockFunction],
                "recipeId": 1,
              },
            },
            "refs": Object {},
            "state": Object {
              "context": null,
              "mount": true,
              "props": Object {
                "createReview": [MockFunction],
                "recipeId": 1,
              },
            },
            "updater": Object {
              "enqueueForceUpdate": [Function],
              "enqueueReplaceState": [Function],
              "enqueueSetState": [Function],
              "isMounted": [Function],
            },
          },
          "tag": 2,
          "type": [Function],
          "updateQueue": null,
        },
        "_debugSource": null,
        "alternate": null,
        "child": FiberNode {
          "_debugID": 5,
          "_debugIsCurrentlyTiming": false,
          "_debugOwner": [Circular],
          "_debugSource": null,
          "alternate": null,
          "child": FiberNode {
            "_debugID": 6,
            "_debugIsCurrentlyTiming": false,
            "_debugOwner": [Circular],
            "_debugSource": null,
            "alternate": null,
            "child": null,
            "effectTag": 0,
            "expirationTime": 0,
            "firstEffect": null,
            "index": 0,
            "internalContextTag": 0,
            "key": null,
            "lastEffect": null,
            "memoizedProps": Object {
              "className": "form-control mb-3",
              "cols": "120",
              "onChange": [Function],
              "placeholder": "Add review ...",
              "value": "",
            },
            "memoizedState": null,
            "nextEffect": null,
            "pendingProps": null,
            "ref": null,
            "return": [Circular],
            "sibling": FiberNode {
              "_debugID": 7,
              "_debugIsCurrentlyTiming": false,
              "_debugOwner": [Circular],
              "_debugSource": null,
              "alternate": null,
              "child": null,
              "effectTag": 0,
              "expirationTime": 0,
              "firstEffect": null,
              "index": 1,
              "internalContextTag": 0,
              "key": null,
              "lastEffect": null,
              "memoizedProps": Object {
                "children": "ADD REVIEW",
                "className": "review btn btn-default title",
                "disabled": true,
                "onClick": [Function],
              },
              "memoizedState": null,
              "nextEffect": null,
              "pendingProps": null,
              "ref": null,
              "return": [Circular],
              "sibling": null,
              "stateNode": <button
                class="review btn btn-default title"
                disabled=""
              >
                ADD REVIEW
              </button>,
              "tag": 5,
              "type": "button",
              "updateQueue": null,
            },
            "stateNode": <textarea
              class="form-control mb-3"
              cols="120"
              placeholder="Add review ..."
            />,
            "tag": 5,
            "type": "textarea",
            "updateQueue": null,
          },
          "effectTag": 0,
          "expirationTime": 0,
          "firstEffect": null,
          "index": 0,
          "internalContextTag": 0,
          "key": null,
          "lastEffect": null,
          "memoizedProps": Object {
            "children": Array [
              <textarea
                className="form-control mb-3"
                cols="120"
                onChange={[Function]}
                placeholder="Add review ..."
                value=""
              />,
              <button
                className="review btn btn-default title"
                disabled={true}
                onClick={[Function]}
              >
                ADD REVIEW
              </button>,
            ],
            "className": "form-group",
          },
          "memoizedState": null,
          "nextEffect": null,
          "pendingProps": null,
          "ref": null,
          "return": [Circular],
          "sibling": null,
          "stateNode": <div
            class="form-group"
          >
            <textarea
              class="form-control mb-3"
              cols="120"
              placeholder="Add review ..."
            />
            <button
              class="review btn btn-default title"
              disabled=""
            >
              ADD REVIEW
            </button>
          </div>,
          "tag": 5,
          "type": "div",
          "updateQueue": null,
        },
        "effectTag": 1,
        "expirationTime": 0,
        "firstEffect": null,
        "index": 0,
        "internalContextTag": 0,
        "key": null,
        "lastEffect": null,
        "memoizedProps": Object {
          "createReview": [MockFunction],
          "recipeId": 1,
        },
        "memoizedState": Object {
          "review": "",
        },
        "nextEffect": null,
        "pendingProps": null,
        "ref": null,
        "return": FiberNode {
          "_debugID": 3,
          "_debugIsCurrentlyTiming": false,
          "_debugOwner": null,
          "_debugSource": null,
          "alternate": null,
          "child": [Circular],
          "effectTag": 1,
          "expirationTime": 0,
          "firstEffect": null,
          "index": 0,
          "internalContextTag": 0,
          "key": null,
          "lastEffect": null,
          "memoizedProps": Object {
            "Component": [Function],
            "context": null,
            "props": Object {
              "createReview": [MockFunction],
              "recipeId": 1,
            },
          },
          "memoizedState": Object {
            "context": null,
            "mount": true,
            "props": Object {
              "createReview": [MockFunction],
              "recipeId": 1,
            },
          },
          "nextEffect": null,
          "pendingProps": null,
          "ref": null,
          "return": FiberNode {
            "_debugID": 1,
            "_debugIsCurrentlyTiming": false,
            "_debugOwner": null,
            "_debugSource": null,
            "alternate": FiberNode {
              "_debugID": 1,
              "_debugIsCurrentlyTiming": false,
              "_debugOwner": null,
              "_debugSource": null,
              "alternate": [Circular],
              "child": null,
              "effectTag": 0,
              "expirationTime": 1,
              "firstEffect": null,
              "index": 0,
              "internalContextTag": 0,
              "key": null,
              "lastEffect": null,
              "memoizedProps": null,
              "memoizedState": null,
              "nextEffect": null,
              "pendingProps": null,
              "ref": null,
              "return": null,
              "sibling": null,
              "stateNode": Object {
                "containerInfo": <div>
                  <div
                    class="form-group"
                  >
                    <textarea
                      class="form-control mb-3"
                      cols="120"
                      placeholder="Add review ..."
                    />
                    <button
                      class="review btn btn-default title"
                      disabled=""
                    >
                      ADD REVIEW
                    </button>
                  </div>
                </div>,
                "context": Object {},
                "current": [Circular],
                "finishedWork": null,
                "hydrate": false,
                "isReadyForCommit": false,
                "nextScheduledRoot": null,
                "pendingChildren": null,
                "pendingContext": null,
                "remainingExpirationTime": 0,
              },
              "tag": 3,
              "type": null,
              "updateQueue": Object {
                "baseState": null,
                "callbackList": null,
                "expirationTime": 1,
                "first": Object {
                  "callback": null,
                  "expirationTime": 1,
                  "isForced": false,
                  "isReplace": false,
                  "next": null,
                  "nextCallback": null,
                  "partialState": Object {
                    "element": <WrapperComponent
                      Component={[Function]}
                      context={null}
                      props={
                        Object {
                          "createReview": [MockFunction],
                          "recipeId": 1,
                        }
                      }
                    />,
                  },
                },
                "hasForceUpdate": false,
                "isInitialized": false,
                "isProcessing": false,
                "last": Object {
                  "callback": null,
                  "expirationTime": 1,
                  "isForced": false,
                  "isReplace": false,
                  "next": null,
                  "nextCallback": null,
                  "partialState": Object {
                    "element": <WrapperComponent
                      Component={[Function]}
                      context={null}
                      props={
                        Object {
                          "createReview": [MockFunction],
                          "recipeId": 1,
                        }
                      }
                    />,
                  },
                },
              },
            },
            "child": [Circular],
            "effectTag": 0,
            "expirationTime": 0,
            "firstEffect": [Circular],
            "index": 0,
            "internalContextTag": 0,
            "key": null,
            "lastEffect": [Circular],
            "memoizedProps": null,
            "memoizedState": Object {
              "element": <WrapperComponent
                Component={[Function]}
                context={null}
                props={
                  Object {
                    "createReview": [MockFunction],
                    "recipeId": 1,
                  }
                }
              />,
            },
            "nextEffect": null,
            "pendingProps": null,
            "ref": null,
            "return": null,
            "sibling": null,
            "stateNode": Object {
              "containerInfo": <div>
                <div
                  class="form-group"
                >
                  <textarea
                    class="form-control mb-3"
                    cols="120"
                    placeholder="Add review ..."
                  />
                  <button
                    class="review btn btn-default title"
                    disabled=""
                  >
                    ADD REVIEW
                  </button>
                </div>
              </div>,
              "context": Object {},
              "current": [Circular],
              "finishedWork": null,
              "hydrate": false,
              "isReadyForCommit": false,
              "nextScheduledRoot": null,
              "pendingChildren": null,
              "pendingContext": null,
              "remainingExpirationTime": 0,
            },
            "tag": 3,
            "type": null,
            "updateQueue": null,
          },
          "sibling": null,
          "stateNode": WrapperComponent {
            "_reactInternalFiber": [Circular],
            "_reactInternalInstance": Object {},
            "context": Object {},
            "props": Object {
              "Component": [Function],
              "context": null,
              "props": Object {
                "createReview": [MockFunction],
                "recipeId": 1,
              },
            },
            "refs": Object {},
            "state": Object {
              "context": null,
              "mount": true,
              "props": Object {
                "createReview": [MockFunction],
                "recipeId": 1,
              },
            },
            "updater": Object {
              "enqueueForceUpdate": [Function],
              "enqueueReplaceState": [Function],
              "enqueueSetState": [Function],
              "isMounted": [Function],
            },
          },
          "tag": 2,
          "type": [Function],
          "updateQueue": null,
        },
        "sibling": null,
        "stateNode": [Circular],
        "tag": 2,
        "type": [Function],
        "updateQueue": null,
      },
      "_reactInternalInstance": Object {},
      "context": Object {},
      "createReview": [Function],
      "handleChange": [Function],
      "props": Object {
        "createReview": [MockFunction],
        "recipeId": 1,
      },
      "refs": Object {},
      "state": Object {
        "review": "",
      },
      "updater": Object {
        "enqueueForceUpdate": [Function],
        "enqueueReplaceState": [Function],
        "enqueueSetState": [Function],
        "isMounted": [Function],
      },
    },
    "key": undefined,
    "nodeType": "class",
    "props": Object {
      "createReview": [MockFunction],
      "recipeId": 1,
    },
    "ref": null,
    "rendered": Object {
      "instance": <div
        class="form-group"
      >
        <textarea
          class="form-control mb-3"
          cols="120"
          placeholder="Add review ..."
        />
        <button
          class="review btn btn-default title"
          disabled=""
        >
          ADD REVIEW
        </button>
      </div>,
      "key": undefined,
      "nodeType": "host",
      "props": Object {
        "children": Array [
          <textarea
            className="form-control mb-3"
            cols="120"
            onChange={[Function]}
            placeholder="Add review ..."
            value=""
          />,
          <button
            className="review btn btn-default title"
            disabled={true}
            onClick={[Function]}
          >
            ADD REVIEW
          </button>,
        ],
        "className": "form-group",
      },
      "ref": null,
      "rendered": Array [
        Object {
          "instance": <textarea
            class="form-control mb-3"
            cols="120"
            placeholder="Add review ..."
          />,
          "key": undefined,
          "nodeType": "host",
          "props": Object {
            "className": "form-control mb-3",
            "cols": "120",
            "onChange": [Function],
            "placeholder": "Add review ...",
            "value": "",
          },
          "ref": null,
          "rendered": Array [
            undefined,
          ],
          "type": "textarea",
        },
        Object {
          "instance": <button
            class="review btn btn-default title"
            disabled=""
          >
            ADD REVIEW
          </button>,
          "key": undefined,
          "nodeType": "host",
          "props": Object {
            "children": "ADD REVIEW",
            "className": "review btn btn-default title",
            "disabled": true,
            "onClick": [Function],
          },
          "ref": null,
          "rendered": Array [
            "ADD REVIEW",
          ],
          "type": "button",
        },
      ],
      "type": "div",
    },
    "type": [Function],
  },
  Symbol(enzyme.__nodes__): Array [
    Object {
      "instance": AddReview {
        "_reactInternalFiber": FiberNode {
          "_debugID": 4,
          "_debugIsCurrentlyTiming": false,
          "_debugOwner": FiberNode {
            "_debugID": 3,
            "_debugIsCurrentlyTiming": false,
            "_debugOwner": null,
            "_debugSource": null,
            "alternate": null,
            "child": [Circular],
            "effectTag": 1,
            "expirationTime": 0,
            "firstEffect": null,
            "index": 0,
            "internalContextTag": 0,
            "key": null,
            "lastEffect": null,
            "memoizedProps": Object {
              "Component": [Function],
              "context": null,
              "props": Object {
                "createReview": [MockFunction],
                "recipeId": 1,
              },
            },
            "memoizedState": Object {
              "context": null,
              "mount": true,
              "props": Object {
                "createReview": [MockFunction],
                "recipeId": 1,
              },
            },
            "nextEffect": null,
            "pendingProps": null,
            "ref": null,
            "return": FiberNode {
              "_debugID": 1,
              "_debugIsCurrentlyTiming": false,
              "_debugOwner": null,
              "_debugSource": null,
              "alternate": FiberNode {
                "_debugID": 1,
                "_debugIsCurrentlyTiming": false,
                "_debugOwner": null,
                "_debugSource": null,
                "alternate": [Circular],
                "child": null,
                "effectTag": 0,
                "expirationTime": 1,
                "firstEffect": null,
                "index": 0,
                "internalContextTag": 0,
                "key": null,
                "lastEffect": null,
                "memoizedProps": null,
                "memoizedState": null,
                "nextEffect": null,
                "pendingProps": null,
                "ref": null,
                "return": null,
                "sibling": null,
                "stateNode": Object {
                  "containerInfo": <div>
                    <div
                      class="form-group"
                    >
                      <textarea
                        class="form-control mb-3"
                        cols="120"
                        placeholder="Add review ..."
                      />
                      <button
                        class="review btn btn-default title"
                        disabled=""
                      >
                        ADD REVIEW
                      </button>
                    </div>
                  </div>,
                  "context": Object {},
                  "current": [Circular],
                  "finishedWork": null,
                  "hydrate": false,
                  "isReadyForCommit": false,
                  "nextScheduledRoot": null,
                  "pendingChildren": null,
                  "pendingContext": null,
                  "remainingExpirationTime": 0,
                },
                "tag": 3,
                "type": null,
                "updateQueue": Object {
                  "baseState": null,
                  "callbackList": null,
                  "expirationTime": 1,
                  "first": Object {
                    "callback": null,
                    "expirationTime": 1,
                    "isForced": false,
                    "isReplace": false,
                    "next": null,
                    "nextCallback": null,
                    "partialState": Object {
                      "element": <WrapperComponent
                        Component={[Function]}
                        context={null}
                        props={
                          Object {
                            "createReview": [MockFunction],
                            "recipeId": 1,
                          }
                        }
                      />,
                    },
                  },
                  "hasForceUpdate": false,
                  "isInitialized": false,
                  "isProcessing": false,
                  "last": Object {
                    "callback": null,
                    "expirationTime": 1,
                    "isForced": false,
                    "isReplace": false,
                    "next": null,
                    "nextCallback": null,
                    "partialState": Object {
                      "element": <WrapperComponent
                        Component={[Function]}
                        context={null}
                        props={
                          Object {
                            "createReview": [MockFunction],
                            "recipeId": 1,
                          }
                        }
                      />,
                    },
                  },
                },
              },
              "child": [Circular],
              "effectTag": 0,
              "expirationTime": 0,
              "firstEffect": [Circular],
              "index": 0,
              "internalContextTag": 0,
              "key": null,
              "lastEffect": [Circular],
              "memoizedProps": null,
              "memoizedState": Object {
                "element": <WrapperComponent
                  Component={[Function]}
                  context={null}
                  props={
                    Object {
                      "createReview": [MockFunction],
                      "recipeId": 1,
                    }
                  }
                />,
              },
              "nextEffect": null,
              "pendingProps": null,
              "ref": null,
              "return": null,
              "sibling": null,
              "stateNode": Object {
                "containerInfo": <div>
                  <div
                    class="form-group"
                  >
                    <textarea
                      class="form-control mb-3"
                      cols="120"
                      placeholder="Add review ..."
                    />
                    <button
                      class="review btn btn-default title"
                      disabled=""
                    >
                      ADD REVIEW
                    </button>
                  </div>
                </div>,
                "context": Object {},
                "current": [Circular],
                "finishedWork": null,
                "hydrate": false,
                "isReadyForCommit": false,
                "nextScheduledRoot": null,
                "pendingChildren": null,
                "pendingContext": null,
                "remainingExpirationTime": 0,
              },
              "tag": 3,
              "type": null,
              "updateQueue": null,
            },
            "sibling": null,
            "stateNode": WrapperComponent {
              "_reactInternalFiber": [Circular],
              "_reactInternalInstance": Object {},
              "context": Object {},
              "props": Object {
                "Component": [Function],
                "context": null,
                "props": Object {
                  "createReview": [MockFunction],
                  "recipeId": 1,
                },
              },
              "refs": Object {},
              "state": Object {
                "context": null,
                "mount": true,
                "props": Object {
                  "createReview": [MockFunction],
                  "recipeId": 1,
                },
              },
              "updater": Object {
                "enqueueForceUpdate": [Function],
                "enqueueReplaceState": [Function],
                "enqueueSetState": [Function],
                "isMounted": [Function],
              },
            },
            "tag": 2,
            "type": [Function],
            "updateQueue": null,
          },
          "_debugSource": null,
          "alternate": null,
          "child": FiberNode {
            "_debugID": 5,
            "_debugIsCurrentlyTiming": false,
            "_debugOwner": [Circular],
            "_debugSource": null,
            "alternate": null,
            "child": FiberNode {
              "_debugID": 6,
              "_debugIsCurrentlyTiming": false,
              "_debugOwner": [Circular],
              "_debugSource": null,
              "alternate": null,
              "child": null,
              "effectTag": 0,
              "expirationTime": 0,
              "firstEffect": null,
              "index": 0,
              "internalContextTag": 0,
              "key": null,
              "lastEffect": null,
              "memoizedProps": Object {
                "className": "form-control mb-3",
                "cols": "120",
                "onChange": [Function],
                "placeholder": "Add review ...",
                "value": "",
              },
              "memoizedState": null,
              "nextEffect": null,
              "pendingProps": null,
              "ref": null,
              "return": [Circular],
              "sibling": FiberNode {
                "_debugID": 7,
                "_debugIsCurrentlyTiming": false,
                "_debugOwner": [Circular],
                "_debugSource": null,
                "alternate": null,
                "child": null,
                "effectTag": 0,
                "expirationTime": 0,
                "firstEffect": null,
                "index": 1,
                "internalContextTag": 0,
                "key": null,
                "lastEffect": null,
                "memoizedProps": Object {
                  "children": "ADD REVIEW",
                  "className": "review btn btn-default title",
                  "disabled": true,
                  "onClick": [Function],
                },
                "memoizedState": null,
                "nextEffect": null,
                "pendingProps": null,
                "ref": null,
                "return": [Circular],
                "sibling": null,
                "stateNode": <button
                  class="review btn btn-default title"
                  disabled=""
                >
                  ADD REVIEW
                </button>,
                "tag": 5,
                "type": "button",
                "updateQueue": null,
              },
              "stateNode": <textarea
                class="form-control mb-3"
                cols="120"
                placeholder="Add review ..."
              />,
              "tag": 5,
              "type": "textarea",
              "updateQueue": null,
            },
            "effectTag": 0,
            "expirationTime": 0,
            "firstEffect": null,
            "index": 0,
            "internalContextTag": 0,
            "key": null,
            "lastEffect": null,
            "memoizedProps": Object {
              "children": Array [
                <textarea
                  className="form-control mb-3"
                  cols="120"
                  onChange={[Function]}
                  placeholder="Add review ..."
                  value=""
                />,
                <button
                  className="review btn btn-default title"
                  disabled={true}
                  onClick={[Function]}
                >
                  ADD REVIEW
                </button>,
              ],
              "className": "form-group",
            },
            "memoizedState": null,
            "nextEffect": null,
            "pendingProps": null,
            "ref": null,
            "return": [Circular],
            "sibling": null,
            "stateNode": <div
              class="form-group"
            >
              <textarea
                class="form-control mb-3"
                cols="120"
                placeholder="Add review ..."
              />
              <button
                class="review btn btn-default title"
                disabled=""
              >
                ADD REVIEW
              </button>
            </div>,
            "tag": 5,
            "type": "div",
            "updateQueue": null,
          },
          "effectTag": 1,
          "expirationTime": 0,
          "firstEffect": null,
          "index": 0,
          "internalContextTag": 0,
          "key": null,
          "lastEffect": null,
          "memoizedProps": Object {
            "createReview": [MockFunction],
            "recipeId": 1,
          },
          "memoizedState": Object {
            "review": "",
          },
          "nextEffect": null,
          "pendingProps": null,
          "ref": null,
          "return": FiberNode {
            "_debugID": 3,
            "_debugIsCurrentlyTiming": false,
            "_debugOwner": null,
            "_debugSource": null,
            "alternate": null,
            "child": [Circular],
            "effectTag": 1,
            "expirationTime": 0,
            "firstEffect": null,
            "index": 0,
            "internalContextTag": 0,
            "key": null,
            "lastEffect": null,
            "memoizedProps": Object {
              "Component": [Function],
              "context": null,
              "props": Object {
                "createReview": [MockFunction],
                "recipeId": 1,
              },
            },
            "memoizedState": Object {
              "context": null,
              "mount": true,
              "props": Object {
                "createReview": [MockFunction],
                "recipeId": 1,
              },
            },
            "nextEffect": null,
            "pendingProps": null,
            "ref": null,
            "return": FiberNode {
              "_debugID": 1,
              "_debugIsCurrentlyTiming": false,
              "_debugOwner": null,
              "_debugSource": null,
              "alternate": FiberNode {
                "_debugID": 1,
                "_debugIsCurrentlyTiming": false,
                "_debugOwner": null,
                "_debugSource": null,
                "alternate": [Circular],
                "child": null,
                "effectTag": 0,
                "expirationTime": 1,
                "firstEffect": null,
                "index": 0,
                "internalContextTag": 0,
                "key": null,
                "lastEffect": null,
                "memoizedProps": null,
                "memoizedState": null,
                "nextEffect": null,
                "pendingProps": null,
                "ref": null,
                "return": null,
                "sibling": null,
                "stateNode": Object {
                  "containerInfo": <div>
                    <div
                      class="form-group"
                    >
                      <textarea
                        class="form-control mb-3"
                        cols="120"
                        placeholder="Add review ..."
                      />
                      <button
                        class="review btn btn-default title"
                        disabled=""
                      >
                        ADD REVIEW
                      </button>
                    </div>
                  </div>,
                  "context": Object {},
                  "current": [Circular],
                  "finishedWork": null,
                  "hydrate": false,
                  "isReadyForCommit": false,
                  "nextScheduledRoot": null,
                  "pendingChildren": null,
                  "pendingContext": null,
                  "remainingExpirationTime": 0,
                },
                "tag": 3,
                "type": null,
                "updateQueue": Object {
                  "baseState": null,
                  "callbackList": null,
                  "expirationTime": 1,
                  "first": Object {
                    "callback": null,
                    "expirationTime": 1,
                    "isForced": false,
                    "isReplace": false,
                    "next": null,
                    "nextCallback": null,
                    "partialState": Object {
                      "element": <WrapperComponent
                        Component={[Function]}
                        context={null}
                        props={
                          Object {
                            "createReview": [MockFunction],
                            "recipeId": 1,
                          }
                        }
                      />,
                    },
                  },
                  "hasForceUpdate": false,
                  "isInitialized": false,
                  "isProcessing": false,
                  "last": Object {
                    "callback": null,
                    "expirationTime": 1,
                    "isForced": false,
                    "isReplace": false,
                    "next": null,
                    "nextCallback": null,
                    "partialState": Object {
                      "element": <WrapperComponent
                        Component={[Function]}
                        context={null}
                        props={
                          Object {
                            "createReview": [MockFunction],
                            "recipeId": 1,
                          }
                        }
                      />,
                    },
                  },
                },
              },
              "child": [Circular],
              "effectTag": 0,
              "expirationTime": 0,
              "firstEffect": [Circular],
              "index": 0,
              "internalContextTag": 0,
              "key": null,
              "lastEffect": [Circular],
              "memoizedProps": null,
              "memoizedState": Object {
                "element": <WrapperComponent
                  Component={[Function]}
                  context={null}
                  props={
                    Object {
                      "createReview": [MockFunction],
                      "recipeId": 1,
                    }
                  }
                />,
              },
              "nextEffect": null,
              "pendingProps": null,
              "ref": null,
              "return": null,
              "sibling": null,
              "stateNode": Object {
                "containerInfo": <div>
                  <div
                    class="form-group"
                  >
                    <textarea
                      class="form-control mb-3"
                      cols="120"
                      placeholder="Add review ..."
                    />
                    <button
                      class="review btn btn-default title"
                      disabled=""
                    >
                      ADD REVIEW
                    </button>
                  </div>
                </div>,
                "context": Object {},
                "current": [Circular],
                "finishedWork": null,
                "hydrate": false,
                "isReadyForCommit": false,
                "nextScheduledRoot": null,
                "pendingChildren": null,
                "pendingContext": null,
                "remainingExpirationTime": 0,
              },
              "tag": 3,
              "type": null,
              "updateQueue": null,
            },
            "sibling": null,
            "stateNode": WrapperComponent {
              "_reactInternalFiber": [Circular],
              "_reactInternalInstance": Object {},
              "context": Object {},
              "props": Object {
                "Component": [Function],
                "context": null,
                "props": Object {
                  "createReview": [MockFunction],
                  "recipeId": 1,
                },
              },
              "refs": Object {},
              "state": Object {
                "context": null,
                "mount": true,
                "props": Object {
                  "createReview": [MockFunction],
                  "recipeId": 1,
                },
              },
              "updater": Object {
                "enqueueForceUpdate": [Function],
                "enqueueReplaceState": [Function],
                "enqueueSetState": [Function],
                "isMounted": [Function],
              },
            },
            "tag": 2,
            "type": [Function],
            "updateQueue": null,
          },
          "sibling": null,
          "stateNode": [Circular],
          "tag": 2,
          "type": [Function],
          "updateQueue": null,
        },
        "_reactInternalInstance": Object {},
        "context": Object {},
        "createReview": [Function],
        "handleChange": [Function],
        "props": Object {
          "createReview": [MockFunction],
          "recipeId": 1,
        },
        "refs": Object {},
        "state": Object {
          "review": "",
        },
        "updater": Object {
          "enqueueForceUpdate": [Function],
          "enqueueReplaceState": [Function],
          "enqueueSetState": [Function],
          "isMounted": [Function],
        },
      },
      "key": undefined,
      "nodeType": "class",
      "props": Object {
        "createReview": [MockFunction],
        "recipeId": 1,
      },
      "ref": null,
      "rendered": Object {
        "instance": <div
          class="form-group"
        >
          <textarea
            class="form-control mb-3"
            cols="120"
            placeholder="Add review ..."
          />
          <button
            class="review btn btn-default title"
            disabled=""
          >
            ADD REVIEW
          </button>
        </div>,
        "key": undefined,
        "nodeType": "host",
        "props": Object {
          "children": Array [
            <textarea
              className="form-control mb-3"
              cols="120"
              onChange={[Function]}
              placeholder="Add review ..."
              value=""
            />,
            <button
              className="review btn btn-default title"
              disabled={true}
              onClick={[Function]}
            >
              ADD REVIEW
            </button>,
          ],
          "className": "form-group",
        },
        "ref": null,
        "rendered": Array [
          Object {
            "instance": <textarea
              class="form-control mb-3"
              cols="120"
              placeholder="Add review ..."
            />,
            "key": undefined,
            "nodeType": "host",
            "props": Object {
              "className": "form-control mb-3",
              "cols": "120",
              "onChange": [Function],
              "placeholder": "Add review ...",
              "value": "",
            },
            "ref": null,
            "rendered": Array [
              undefined,
            ],
            "type": "textarea",
          },
          Object {
            "instance": <button
              class="review btn btn-default title"
              disabled=""
            >
              ADD REVIEW
            </button>,
            "key": undefined,
            "nodeType": "host",
            "props": Object {
              "children": "ADD REVIEW",
              "className": "review btn btn-default title",
              "disabled": true,
              "onClick": [Function],
            },
            "ref": null,
            "rendered": Array [
              "ADD REVIEW",
            ],
            "type": "button",
          },
        ],
        "type": "div",
      },
      "type": [Function],
    },
  ],
  Symbol(enzyme.__options__): Object {
    "adapter": ReactSixteenAdapter {
      "options": Object {
        "enableComponentDidUpdateOnSetState": true,
      },
    },
  },
}
`;
